
> frontend@0.1.0 build
> next build

node.exe : [baseline-browser-mapping] The data in this module is over two months old.  To ensure accurate Baseline 
data, please update: `npm i baseline-browser-mapping@latest -D`
At C:\Program Files\nodejs\npm.ps1:29 char:3
+   & $NODE_EXE $NPM_CLI_JS $args
+   ~~~~~~~~~~~~~~~~~~~~~~~~~~~~~
    + CategoryInfo          : NotSpecified: ([baseline-brows...ping@latest -D`:String) [], RemoteException
    + FullyQualifiedErrorId : NativeCommandError
 
   Γû▓ Next.js 16.0.7 (Turbopack)
   - Environments: .env

 ΓÜá The "middleware" file convention is deprecated. Please use "proxy" instead. Learn more: 
https://nextjs.org/docs/messages/middleware-to-proxy
   Creating an optimized production build ...
[baseline-browser-mapping] The data in this module is over two months old.  To ensure accurate Baseline data, please 
update: `npm i baseline-browser-mapping@latest -D`
 Γ£ô Compiled successfully in 23.4s
   Running TypeScript ...
Failed to compile.

./src/app/superadmin/attendance/page.tsx:3660:50
Type error: Property 'totalPermissionCount' does not exist on type '{ _id: string; employeeId: string; emp_no: string; 
month: string; year: number; totalLeaves: number; totalPaidLeaves?: number | undefined; totalLopLeaves?: number | 
undefined; totalODs: number; ... 14 more ...; updatedAt: string; }'.

[0m [90m 3658 |[39m                                   className[33m=[39m{[32m`${edge} border-slate-200 
bg-cyan-50 px-2 py-2 text-center text-[11px] font-bold text-cyan-700 dark:border-slate-700 dark:bg-cyan-900/20 
dark:text-cyan-300 w-[80px] min-w-[80px] cursor-pointer hover:bg-cyan-100 transition-all duration-300 
${activeHighlight?.employeeId === item.employee?._id && activeHighlight?.category === 'permissions' ? 'ring-2 
ring-cyan-400 ring-inset bg-white dark:bg-cyan-900/40 shadow-inner scale-[0.98]' : ''}`[39m}
 [90m 3659 |[39m                                 [33m>[39m
[31m[1m>[22m[39m[90m 3660 |[39m                                   
{item[33m.[39msummary[33m?[39m[33m.[39mtotalPermissionCount [33m?[39m[33m?[39m 
dailyValues[33m.[39mreduce((sum[33m,[39m record[33m:[39m any) [33m=>[39m sum [33m+[39m 
(record[33m?[39m[33m.[39mpermissionCount [33m||[39m [35m0[39m)[33m,[39m [35m0[39m)}
 [90m      |[39m                                                  [31m[1m^[22m[39m
 [90m 3661 |[39m                                 [33m<[39m[33m/[39m[33mtd[39m[33m>[39m
 [90m 3662 |[39m                               )[33m;[39m
 [90m 3663 |[39m                             [36mcase[39m [32m'permissionDeductionDays'[39m[33m:[39m[0m
Next.js build worker exited with code: 1 and signal: null
