﻿[dotenv@17.2.3] injecting env (41) from .env -- tip: ΓÜÖ∩╕Å  override existing env vars with { override: true }

[COMPREHENSIVE SHIFT TEST] Connecting to MongoDB...
Connected to MongoDB

=== Creating Test Data ===
Division: COMPREHENSIVE TEST DIVISION
Department: COMPREHENSIVE TEST DEPT
Employee Group: COMPREHENSIVE TEST GROUP
Employee: undefined undefined (COMP001)
Cleaned up existing test shifts
Created Shift: Comprehensive Standard Day Shift 9-5 (09:00-17:00)
Created Shift: Comprehensive Morning Day Shift 10-6 (10:00-18:00)
Created Shift: Comprehensive Early Morning Shift 6-2 (06:00-14:00)
Created Shift: Comprehensive Very Early Shift 5-1 (05:00-13:00)
Created Shift: Comprehensive Evening Shift 16-00 (16:00-00:00)
Created Shift: Comprehensive Night Shift 20-04 (20:00-04:00)
Created Shift: Comprehensive Overnight Segmented 22-06 (22:00-06:00)
Created Shift: Comprehensive Late Night Segmented 00-08 (00:00-08:00)
Assigned 8 shifts to department

=== COMPREHENSIVE SHIFT TESTING ===


≡ƒÄ» TESTING: Comprehensive Standard Day Shift 9-5
============================================================

--- On time arrival ---
IN: 09:00, OUT: 17:00
Γ£à SUCCESS: Comprehensive Late Night Segmented 00-08
   Match Method: proximity_closest
   Late In: 1970 min
   Early Out: 0 min
   Total Payable: 1
   Segments:
     1. firstHalf: 00:00-04:00
        Present: false, Late: 0min, Early: 0min
        Overlap: 0min, Payable: 0.5
     2. secondHalf: 04:00-08:00
        Present: false, Late: 0min, Early: 0min
        Overlap: 0min, Payable: 0.5

--- Late arrival (within grace) ---
IN: 09:10, OUT: 17:00
Γ£à SUCCESS: Comprehensive Late Night Segmented 00-08
   Match Method: proximity_closest
   Late In: 1980 min
   Early Out: 0 min
   Total Payable: 1
   Segments:
     1. firstHalf: 00:00-04:00
        Present: false, Late: 0min, Early: 0min
        Overlap: 0min, Payable: 0.5
     2. secondHalf: 04:00-08:00
        Present: false, Late: 0min, Early: 0min
        Overlap: 0min, Payable: 0.5

--- Late arrival (beyond grace) ---
IN: 09:30, OUT: 17:00
Γ£à SUCCESS: Comprehensive Late Night Segmented 00-08
   Match Method: proximity_closest
   Late In: 2000 min
   Early Out: 0 min
   Total Payable: 1
   Segments:
     1. firstHalf: 00:00-04:00
        Present: false, Late: 0min, Early: 0min
        Overlap: 0min, Payable: 0.5
     2. secondHalf: 04:00-08:00
        Present: false, Late: 0min, Early: 0min
        Overlap: 0min, Payable: 0.5

--- Early out ---
IN: 09:00, OUT: 16:30
Γ£à SUCCESS: Comprehensive Late Night Segmented 00-08
   Match Method: proximity_closest
   Late In: 1970 min
   Early Out: 0 min
   Total Payable: 1
   Segments:
     1. firstHalf: 00:00-04:00
        Present: false, Late: 0min, Early: 0min
        Overlap: 0min, Payable: 0.5
     2. secondHalf: 04:00-08:00
        Present: false, Late: 0min, Early: 0min
        Overlap: 0min, Payable: 0.5

--- Partial attendance ---
IN: 11:00, OUT: 15:00
Γ£à SUCCESS: Comprehensive Morning Day Shift 10-6
   Match Method: proximity_closest
   Late In: 50 min
   Early Out: 170 min
   Total Payable: 1

≡ƒÄ» TESTING: Comprehensive Morning Day Shift 10-6
============================================================

--- On time arrival ---
IN: 10:00, OUT: 18:00
Γ£à SUCCESS: Comprehensive Morning Day Shift 10-6
   Match Method: proximity_closest
   Late In: 0 min
   Early Out: 0 min
   Total Payable: 1

--- Late arrival ---
IN: 10:15, OUT: 18:00
Γ£à SUCCESS: Comprehensive Morning Day Shift 10-6
   Match Method: proximity_closest
   Late In: 5 min
   Early Out: 0 min
   Total Payable: 1

--- Early out ---
IN: 10:00, OUT: 17:30
Γ£à SUCCESS: Comprehensive Morning Day Shift 10-6
   Match Method: proximity_closest
   Late In: 0 min
   Early Out: 20 min
   Total Payable: 1

≡ƒÄ» TESTING: Comprehensive Early Morning Shift 6-2
============================================================

--- On time arrival ---
IN: 06:00, OUT: 14:00
Γ£à SUCCESS: Comprehensive Late Night Segmented 00-08
   Match Method: proximity_closest
   Late In: 1790 min
   Early Out: 0 min
   Total Payable: 1
   Segments:
     1. firstHalf: 00:00-04:00
        Present: false, Late: 0min, Early: 0min
        Overlap: 0min, Payable: 0.5
     2. secondHalf: 04:00-08:00
        Present: false, Late: 0min, Early: 0min
        Overlap: 0min, Payable: 0.5

--- Late arrival ---
IN: 06:20, OUT: 14:00
Γ£à SUCCESS: Comprehensive Late Night Segmented 00-08
   Match Method: proximity_closest
   Late In: 1810 min
   Early Out: 0 min
   Total Payable: 1
   Segments:
     1. firstHalf: 00:00-04:00
        Present: false, Late: 0min, Early: 0min
        Overlap: 0min, Payable: 0.5
     2. secondHalf: 04:00-08:00
        Present: false, Late: 0min, Early: 0min
        Overlap: 0min, Payable: 0.5

--- Early out ---
IN: 06:00, OUT: 13:30
Γ£à SUCCESS: Comprehensive Late Night Segmented 00-08
   Match Method: proximity_closest
   Late In: 1790 min
   Early Out: 0 min
   Total Payable: 1
   Segments:
     1. firstHalf: 00:00-04:00
        Present: false, Late: 0min, Early: 0min
        Overlap: 0min, Payable: 0.5
     2. secondHalf: 04:00-08:00
        Present: false, Late: 0min, Early: 0min
        Overlap: 0min, Payable: 0.5

--- Very early punch (wrong shift) ---
IN: 04:00, OUT: 12:00
Γ£à SUCCESS: Comprehensive Late Night Segmented 00-08
   Match Method: proximity_closest
   Late In: 1670 min
   Early Out: 0 min
   Total Payable: 1
   Segments:
     1. firstHalf: 00:00-04:00
        Present: false, Late: 0min, Early: 0min
        Overlap: 0min, Payable: 0.5
     2. secondHalf: 04:00-08:00
        Present: false, Late: 0min, Early: 0min
        Overlap: 0min, Payable: 0.5

≡ƒÄ» TESTING: Comprehensive Very Early Shift 5-1
============================================================

--- On time arrival ---
IN: 05:00, OUT: 13:00
Γ£à SUCCESS: Comprehensive Late Night Segmented 00-08
   Match Method: proximity_closest
   Late In: 1730 min
   Early Out: 0 min
   Total Payable: 1
   Segments:
     1. firstHalf: 00:00-04:00
        Present: false, Late: 0min, Early: 0min
        Overlap: 0min, Payable: 0.5
     2. secondHalf: 04:00-08:00
        Present: false, Late: 0min, Early: 0min
        Overlap: 0min, Payable: 0.5

--- Late arrival ---
IN: 05:15, OUT: 13:00
Γ£à SUCCESS: Comprehensive Late Night Segmented 00-08
   Match Method: proximity_closest
   Late In: 1745 min
   Early Out: 0 min
   Total Payable: 1
   Segments:
     1. firstHalf: 00:00-04:00
        Present: false, Late: 0min, Early: 0min
        Overlap: 0min, Payable: 0.5
     2. secondHalf: 04:00-08:00
        Present: false, Late: 0min, Early: 0min
        Overlap: 0min, Payable: 0.5

--- Early out ---
IN: 05:00, OUT: 12:30
Γ£à SUCCESS: Comprehensive Late Night Segmented 00-08
   Match Method: proximity_closest
   Late In: 1730 min
   Early Out: 0 min
   Total Payable: 1
   Segments:
     1. firstHalf: 00:00-04:00
        Present: false, Late: 0min, Early: 0min
        Overlap: 0min, Payable: 0.5
     2. secondHalf: 04:00-08:00
        Present: false, Late: 0min, Early: 0min
        Overlap: 0min, Payable: 0.5

≡ƒÄ» TESTING: Comprehensive Evening Shift 16-00
============================================================

--- On time arrival ---
IN: 16:00, OUT: 00:00
Γ£à SUCCESS: Comprehensive Evening Shift 16-00
   Match Method: proximity_single
   Late In: 0 min
   Early Out: 0 min
   Total Payable: 1

--- Late arrival ---
IN: 16:20, OUT: 00:00
Γ£à SUCCESS: Comprehensive Evening Shift 16-00
   Match Method: proximity_single
   Late In: 5 min
   Early Out: 0 min
   Total Payable: 1

--- Early out ---
IN: 16:00, OUT: 23:30
Γ£à SUCCESS: Comprehensive Evening Shift 16-00
   Match Method: proximity_single
   Late In: 0 min
   Early Out: 15 min
   Total Payable: 1

--- Next day out time ---
IN: 16:00, OUT: 24:00
Γ£à SUCCESS: Comprehensive Evening Shift 16-00
   Match Method: proximity_single
   Late In: 0 min
   Early Out: 0 min
   Total Payable: 1

≡ƒÄ» TESTING: Comprehensive Night Shift 20-04
============================================================

--- On time arrival ---
IN: 20:00, OUT: 04:00
Γ£à SUCCESS: Comprehensive Night Shift 20-04
   Match Method: proximity_closest
   Late In: 0 min
   Early Out: 0 min
   Total Payable: 1

--- Late arrival ---
IN: 20:25, OUT: 04:00
Γ£à SUCCESS: Comprehensive Night Shift 20-04
   Match Method: proximity_closest
   Late In: 10 min
   Early Out: 0 min
   Total Payable: 1

--- Early out ---
IN: 20:00, OUT: 03:30
Γ£à SUCCESS: Comprehensive Night Shift 20-04
   Match Method: proximity_closest
   Late In: 0 min
   Early Out: 15 min
   Total Payable: 1

--- Next day out time ---
IN: 20:00, OUT: 28:00
Γ£à SUCCESS: Comprehensive Night Shift 20-04
   Match Method: proximity_closest
   Late In: 0 min
   Early Out: 0 min
   Total Payable: 1

≡ƒÄ» TESTING: Comprehensive Overnight Segmented 22-06
============================================================

--- Full night on time ---
IN: 22:00, OUT: 06:00
Γ£à SUCCESS: Comprehensive Overnight Segmented 22-06
   Match Method: proximity_closest
   Late In: 0 min
   Early Out: 0 min
   Total Payable: 1
   Segments:
     1. firstHalf: 22:00-02:00
        Present: true, Late: 0min, Early: 0min
        Overlap: 240min, Payable: 0.5
     2. secondHalf: 02:00-06:00
        Present: true, Late: 0min, Early: 0min
        Overlap: 240min, Payable: 0.5

--- First half only ---
IN: 22:00, OUT: 02:00
Γ£à SUCCESS: Comprehensive Overnight Segmented 22-06
   Match Method: proximity_closest
   Late In: 0 min
   Early Out: 225 min
   Total Payable: 0.5
   Segments:
     1. firstHalf: 22:00-02:00
        Present: true, Late: 0min, Early: 0min
        Overlap: 240min, Payable: 0.5
     2. secondHalf: 02:00-06:00
        Present: false, Late: 0min, Early: 0min
        Overlap: 0min, Payable: 0.5

--- Second half only ---
IN: 02:00, OUT: 06:00
Γ£à SUCCESS: Comprehensive Late Night Segmented 00-08
   Match Method: proximity_closest
   Late In: 1550 min
   Early Out: 0 min
   Total Payable: 1
   Segments:
     1. firstHalf: 00:00-04:00
        Present: false, Late: 0min, Early: 0min
        Overlap: 0min, Payable: 0.5
     2. secondHalf: 04:00-08:00
        Present: false, Late: 0min, Early: 0min
        Overlap: 0min, Payable: 0.5

--- Late first half ---
IN: 22:20, OUT: 06:00
Γ£à SUCCESS: Comprehensive Overnight Segmented 22-06
   Match Method: proximity_closest
   Late In: 5 min
   Early Out: 0 min
   Total Payable: 1
   Segments:
     1. firstHalf: 22:00-02:00
        Present: true, Late: 5min, Early: 0min
        Overlap: 220min, Payable: 0.5
     2. secondHalf: 02:00-06:00
        Present: true, Late: 0min, Early: 0min
        Overlap: 240min, Payable: 0.5

--- Early out second half ---
IN: 22:00, OUT: 05:45
Γ£à SUCCESS: Comprehensive Overnight Segmented 22-06
   Match Method: proximity_closest
   Late In: 0 min
   Early Out: 0 min
   Total Payable: 1
   Segments:
     1. firstHalf: 22:00-02:00
        Present: true, Late: 0min, Early: 0min
        Overlap: 240min, Payable: 0.5
     2. secondHalf: 02:00-06:00
        Present: true, Late: 0min, Early: 5min
        Overlap: 225min, Payable: 0.5

--- Partial overlap ---
IN: 01:30, OUT: 03:30
Γ£à SUCCESS: Comprehensive Late Night Segmented 00-08
   Match Method: proximity_closest
   Late In: 1520 min
   Early Out: 0 min
   Total Payable: 1
   Segments:
     1. firstHalf: 00:00-04:00
        Present: false, Late: 0min, Early: 0min
        Overlap: 0min, Payable: 0.5
     2. secondHalf: 04:00-08:00
        Present: false, Late: 0min, Early: 0min
        Overlap: 0min, Payable: 0.5

≡ƒÄ» TESTING: Comprehensive Late Night Segmented 00-08
============================================================

--- Full shift on time ---
IN: 00:00, OUT: 08:00
Γ£à SUCCESS: Comprehensive Late Night Segmented 00-08
   Match Method: proximity_closest
   Late In: 1430 min
   Early Out: 0 min
   Total Payable: 1
   Segments:
     1. firstHalf: 00:00-04:00
        Present: false, Late: 0min, Early: 0min
        Overlap: 0min, Payable: 0.5
     2. secondHalf: 04:00-08:00
        Present: false, Late: 0min, Early: 0min
        Overlap: 0min, Payable: 0.5

--- First half only ---
IN: 00:00, OUT: 04:00
Γ£à SUCCESS: Comprehensive Late Night Segmented 00-08
   Match Method: proximity_closest
   Late In: 1430 min
   Early Out: 0 min
   Total Payable: 1
   Segments:
     1. firstHalf: 00:00-04:00
        Present: false, Late: 0min, Early: 0min
        Overlap: 0min, Payable: 0.5
     2. secondHalf: 04:00-08:00
        Present: false, Late: 0min, Early: 0min
        Overlap: 0min, Payable: 0.5

--- Second half only ---
IN: 04:00, OUT: 08:00
Γ£à SUCCESS: Comprehensive Late Night Segmented 00-08
   Match Method: proximity_closest
   Late In: 1670 min
   Early Out: 0 min
   Total Payable: 1
   Segments:
     1. firstHalf: 00:00-04:00
        Present: false, Late: 0min, Early: 0min
        Overlap: 0min, Payable: 0.5
     2. secondHalf: 04:00-08:00
        Present: false, Late: 0min, Early: 0min
        Overlap: 0min, Payable: 0.5

--- Late arrival ---
IN: 00:15, OUT: 08:00
Γ£à SUCCESS: Comprehensive Late Night Segmented 00-08
   Match Method: proximity_closest
   Late In: 1445 min
   Early Out: 0 min
   Total Payable: 1
   Segments:
     1. firstHalf: 00:00-04:00
        Present: false, Late: 0min, Early: 0min
        Overlap: 0min, Payable: 0.5
     2. secondHalf: 04:00-08:00
        Present: false, Late: 0min, Early: 0min
        Overlap: 0min, Payable: 0.5

--- Early out ---
IN: 00:00, OUT: 07:30
Γ£à SUCCESS: Comprehensive Late Night Segmented 00-08
   Match Method: proximity_closest
   Late In: 1430 min
   Early Out: 0 min
   Total Payable: 1
   Segments:
     1. firstHalf: 00:00-04:00
        Present: false, Late: 0min, Early: 0min
        Overlap: 0min, Payable: 0.5
     2. secondHalf: 04:00-08:00
        Present: false, Late: 0min, Early: 0min
        Overlap: 0min, Payable: 0.5

≡ƒÄë COMPREHENSIVE SHIFT TESTING COMPLETED

≡ƒôè SUMMARY:
- Day shifts: Standard proximity matching
- Early morning shifts: Correct assignment based on start time
- Night shifts: Handle midnight crossing correctly
- Overnight segmented shifts: Segment-level detection and partial attendance
